
> sitema_de_gestao_de_inventario@0.1.0 build
> next build

Ôû▓ Next.js 16.1.6 (Turbopack)
- Environments: .env

node.exe : ÔÜá The "middleware" file 
convention is deprecated. Please use 
"proxy" instead. Learn more: https://
nextjs.org/docs/messages/middleware-t
o-proxy
No linha:1 caractere:1
+ & "C:\Program 
Files\nodejs/node.exe" "C:\Program 
Files\nodejs/node_mo ...
+ ~~~~~~~~~~~~~~~~~~~~~~~~~~~~~~~~~~~
~~~~~~~~~~~~~~~~~~~~~~~~~~~~~~~~~~
    + CategoryInfo          : 
NotSpec    ified: (ÔÜá The 
"middle...leware-    
to-proxy:String) [], RemoteExcept    
ion
    + FullyQualifiedErrorId : 
NativeC    ommandError
 
  Creating an optimized production build ...
Ô£ô Compiled successfully in 4.1s
  Running TypeScript ...
  Collecting page data using 15 workers ...
ÔÜá Using edge runtime on a page 
currently disables static generation 
for that page
  Generating static pages using 15 workers (0/27) ...
  Generating static pages using 15 workers (6/27) 
Ô¿» useSearchParams() should be 
wrapped in a suspense boundary at 
page "/login". Read more: https://nex
tjs.org/docs/messages/missing-suspens
e-with-csr-bailout
    at Q (C:\Users\Lucas 
Olimpio\OneDrive\├ürea de Trabalho\Pr
ojetos\sistema_de_gestao_de_inventari
o\.next\server\chunks\ssr\f27f0_next_
0128c558._.js:2:2111)
    at o (C:\Users\Lucas 
Olimpio\OneDrive\├ürea de Trabalho\Pr
ojetos\sistema_de_gestao_de_inventari
o\.next\server\chunks\ssr\f27f0_next_
0128c558._.js:4:5274)
    at j (C:\Users\Lucas 
Olimpio\OneDrive\├ürea de Trabalho\Pr
ojetos\sistema_de_gestao_de_inventari
o\.next\server\chunks\ssr\app_login_p
age_tsx_ccc0019b._.js:1:561)
    at an (C:\Users\Lucas 
Olimpio\OneDrive\├ürea de Trabalho\Pr
ojetos\sistema_de_gestao_de_inventari
o\node_modules\.pnpm\next@16.1.6_@bab
el+core@7.2_9d8d1bf7a8807769963b5151b
d760c41\node_modules\next\dist\compil
ed\next-server\app-page-turbo.runtime
.prod.js:2:84360)
    at ai (C:\Users\Lucas 
Olimpio\OneDrive\├ürea de Trabalho\Pr
ojetos\sistema_de_gestao_de_inventari
o\node_modules\.pnpm\next@16.1.6_@bab
el+core@7.2_9d8d1bf7a8807769963b5151b
d760c41\node_modules\next\dist\compil
ed\next-server\app-page-turbo.runtime
.prod.js:2:86179)
    at al (C:\Users\Lucas 
Olimpio\OneDrive\├ürea de Trabalho\Pr
ojetos\sistema_de_gestao_de_inventari
o\node_modules\.pnpm\next@16.1.6_@bab
el+core@7.2_9d8d1bf7a8807769963b5151b
d760c41\node_modules\next\dist\compil
ed\next-server\app-page-turbo.runtime
.prod.js:2:107953)
    at as (C:\Users\Lucas 
Olimpio\OneDrive\├ürea de Trabalho\Pr
ojetos\sistema_de_gestao_de_inventari
o\node_modules\.pnpm\next@16.1.6_@bab
el+core@7.2_9d8d1bf7a8807769963b5151b
d760c41\node_modules\next\dist\compil
ed\next-server\app-page-turbo.runtime
.prod.js:2:105368)
    at aa (C:\Users\Lucas 
Olimpio\OneDrive\├ürea de Trabalho\Pr
ojetos\sistema_de_gestao_de_inventari
o\node_modules\.pnpm\next@16.1.6_@bab
el+core@7.2_9d8d1bf7a8807769963b5151b
d760c41\node_modules\next\dist\compil
ed\next-server\app-page-turbo.runtime
.prod.js:2:84712)
    at ai (C:\Users\Lucas 
Olimpio\OneDrive\├ürea de Trabalho\Pr
ojetos\sistema_de_gestao_de_inventari
o\node_modules\.pnpm\next@16.1.6_@bab
el+core@7.2_9d8d1bf7a8807769963b5151b
d760c41\node_modules\next\dist\compil
ed\next-server\app-page-turbo.runtime
.prod.js:2:86228)
    at ai (C:\Users\Lucas 
Olimpio\OneDrive\├ürea de Trabalho\Pr
ojetos\sistema_de_gestao_de_inventari
o\node_modules\.pnpm\next@16.1.6_@bab
el+core@7.2_9d8d1bf7a8807769963b5151b
d760c41\node_modules\next\dist\compil
ed\next-server\app-page-turbo.runtime
.prod.js:2:104708)
Error occurred prerendering page 
"/login". Read more: https://nextjs.o
rg/docs/messages/prerender-error
Export encountered an error on 
/login/page: /login, exiting the 
build.
Ô¿» Next.js build worker exited with 
code: 1 and signal: null
